****                   ADMIXTURE Version 1.3.0                  ****
****                    Copyright 2008-2015                     ****
****           David Alexander, Suyash Shringarpure,            ****
****                John  Novembre, Ken Lange                   ****
****                                                            ****
****                 Please cite our paper!                     ****
****   Information at www.genetics.ucla.edu/software/admixture  ****

Cross-validation will be performed.  Folds=5.
Random seed: 43
Point estimation method: Block relaxation algorithm
Convergence acceleration algorithm: QuasiNewton, 3 secant conditions
Point estimation will terminate when objective function delta < 0.0001
Estimation of standard errors disabled; will compute point estimates only.
Size of G: 80x4227
Performing five EM steps to prime main algorithm
1 (EM) 	Elapsed: 0.009	Loglikelihood: -146877	(delta): 304241
2 (EM) 	Elapsed: 0.009	Loglikelihood: -140259	(delta): 6618.14
3 (EM) 	Elapsed: 0.009	Loglikelihood: -139060	(delta): 1199.19
4 (EM) 	Elapsed: 0.009	Loglikelihood: -138479	(delta): 580.746
5 (EM) 	Elapsed: 0.009	Loglikelihood: -138173	(delta): 306.346
Initial loglikelihood: -138173
Starting main algorithm
1 (QN/Block) 	Elapsed: 0.029	Loglikelihood: -136797	(delta): 1375.78
2 (QN/Block) 	Elapsed: 0.029	Loglikelihood: -133735	(delta): 3062.22
3 (QN/Block) 	Elapsed: 0.038	Loglikelihood: -130885	(delta): 2849.74
4 (QN/Block) 	Elapsed: 0.043	Loglikelihood: -129142	(delta): 1742.8
5 (QN/Block) 	Elapsed: 0.035	Loglikelihood: -128444	(delta): 698.014
6 (QN/Block) 	Elapsed: 0.035	Loglikelihood: -128225	(delta): 219.677
7 (QN/Block) 	Elapsed: 0.038	Loglikelihood: -128101	(delta): 123.19
8 (QN/Block) 	Elapsed: 0.035	Loglikelihood: -128066	(delta): 34.9711
9 (QN/Block) 	Elapsed: 0.035	Loglikelihood: -128060	(delta): 6.5145
10 (QN/Block) 	Elapsed: 0.035	Loglikelihood: -128058	(delta): 1.49614
11 (QN/Block) 	Elapsed: 0.043	Loglikelihood: -128057	(delta): 1.28806
12 (QN/Block) 	Elapsed: 0.044	Loglikelihood: -128056	(delta): 1.03228
13 (QN/Block) 	Elapsed: 0.043	Loglikelihood: -128056	(delta): 0.434737
14 (QN/Block) 	Elapsed: 0.043	Loglikelihood: -128056	(delta): 0.0228059
15 (QN/Block) 	Elapsed: 0.042	Loglikelihood: -128056	(delta): 6.5699e-07
Summary: 
Converged in 15 iterations (0.679 sec)
Loglikelihood: -128055.557161
Fst divergences between estimated populations: 
	Pop0	
Pop0	
Pop1	0.125	
CV error (K=2): 0.37410
Writing output files.
